
> amravati-connect@0.0.0 build
> vite build

[36mvite v8.0.0-beta.18 [32mbuilding client environment for production...[36m[39m
[2K
transforming...Γ£ô 1996 modules transformed.
node.exe : [31mΓ£ù[39m 
Build failed in 1.53s
At C:\Program 
Files\nodejs\npm.ps1:29 
char:3
+   & $NODE_EXE $NPM_CLI_JS 
$args
+   
~~~~~~~~~~~~~~~~~~~~~~~~~~~~~
    + CategoryInfo           
   : NotSpecified: ([31mΓ£  
  ù[39m Build failed in 1   
 .53s:String) [], RemoteE    
xception
    + FullyQualifiedErrorId  
   : NativeCommandError
 
[31merror during build:
[31mBuild failed with 9 
errors:

[31m[UNRESOLVED_IMPORT] 
Error:[0m Could not resolve 
'../../context/LanguageContex
t' in src/pages/Login.jsx
   [38;5;246mΓò¡[0m[38;5;2
46mΓöÇ[0m[38;5;246m[[0m 
src/pages/Login.jsx:5:29 
[38;5;246m][0m
   [38;5;246mΓöé[0m
 [38;5;246m5 Γöé[0m [38;5;
249mi[0m[38;5;249mm[0m[38
;5;249mp[0m[38;5;249mo[0m
[38;5;249mr[0m[38;5;249mt[
0m[38;5;249m [0m[38;5;249m
{[0m[38;5;249m [0m[38;5;2
49mu[0m[38;5;249ms[0m[38;
5;249me[0m[38;5;249mL[0m[
38;5;249ma[0m[38;5;249mn[0
m[38;5;249mg[0m[38;5;249mu
[0m[38;5;249ma[0m[38;5;24
9mg[0m[38;5;249me[0m[38;5
;249m [0m[38;5;249m}[0m[3
8;5;249m [0m[38;5;249mf[0m
[38;5;249mr[0m[38;5;249mo
[0m[38;5;249mm[0m[38;5;249
m [0m"../../context/Language
Context"[38;5;249m;[0m
 [38;5;240m  Γöé[0m        
                     ΓöÇΓöÇΓö
ÇΓöÇΓöÇΓöÇΓöÇΓöÇΓöÇΓöÇΓöÇΓöÇΓ
öÇΓöÇΓöÇΓö¼ΓöÇΓöÇΓöÇΓöÇΓöÇΓöÇ
ΓöÇΓöÇΓöÇΓöÇΓöÇΓöÇΓöÇΓöÇΓöÇ  
 [38;5;240m  Γöé[0m        
                             
       Γò░ΓöÇΓöÇΓöÇΓöÇΓöÇΓöÇΓ
öÇΓöÇΓöÇΓöÇΓöÇΓöÇΓöÇΓöÇΓöÇΓöÇ
ΓöÇ Module not found.
 [38;5;240m  Γöé[0m 
 [38;5;240m  Γöé[0m 
[38;5;115mHelp[0m: 
'src/pages/Login.jsx' is 
imported by the following 
path:
 [38;5;240m  Γöé[0m        
 - src/pages/Login.jsx
 [38;5;240m  Γöé[0m        
 - src/App.jsx
 [38;5;240m  Γöé[0m        
 - src/main.jsx
 [38;5;240m  Γöé[0m        
 - index.html
[38;5;246mΓöÇΓöÇΓöÇΓò»[0m

[31m[UNRESOLVED_IMPORT] 
Error:[0m Could not resolve 
'../../services/authService' 
in src/pages/Login.jsx
   [38;5;246mΓò¡[0m[38;5;2
46mΓöÇ[0m[38;5;246m[[0m 
src/pages/Login.jsx:6:27 
[38;5;246m][0m
   [38;5;246mΓöé[0m
 [38;5;246m6 Γöé[0m [38;5;
249mi[0m[38;5;249mm[0m[38
;5;249mp[0m[38;5;249mo[0m
[38;5;249mr[0m[38;5;249mt[
0m[38;5;249m [0m[38;5;249m
{[0m[38;5;249m [0m[38;5;2
49ml[0m[38;5;249mo[0m[38;
5;249mg[0m[38;5;249mi[0m[
38;5;249mn[0m[38;5;249mU[0
m[38;5;249ms[0m[38;5;249me
[0m[38;5;249mr[0m[38;5;24
9m [0m[38;5;249m}[0m[38;5
;249m [0m[38;5;249mf[0m[3
8;5;249mr[0m[38;5;249mo[0m
[38;5;249mm[0m[38;5;249m 
[0m"../../services/authServic
e"[38;5;249m;[0m
 [38;5;240m  Γöé[0m        
                   ΓöÇΓöÇΓöÇΓ
öÇΓöÇΓöÇΓöÇΓöÇΓöÇΓöÇΓöÇΓöÇΓöÇ
ΓöÇΓö¼ΓöÇΓöÇΓöÇΓöÇΓöÇΓöÇΓöÇΓö
ÇΓöÇΓöÇΓöÇΓöÇΓöÇ  
 [38;5;240m  Γöé[0m        
                             
    Γò░ΓöÇΓöÇΓöÇΓöÇΓöÇΓöÇΓöÇΓ
öÇΓöÇΓöÇΓöÇΓöÇΓöÇΓöÇΓöÇ 
Module not found.
 [38;5;240m  Γöé[0m 
 [38;5;240m  Γöé[0m 
[38;5;115mHelp[0m: 
'src/pages/Login.jsx' is 
imported by the following 
path:
 [38;5;240m  Γöé[0m        
 - src/pages/Login.jsx
 [38;5;240m  Γöé[0m        
 - src/App.jsx
 [38;5;240m  Γöé[0m        
 - src/main.jsx
 [38;5;240m  Γöé[0m        
 - index.html
[38;5;246mΓöÇΓöÇΓöÇΓò»[0m

[31m[UNRESOLVED_IMPORT] 
Error:[0m Could not resolve 
'../../components/layout/Head
er' in src/pages/Login.jsx
   [38;5;246mΓò¡[0m[38;5;2
46mΓöÇ[0m[38;5;246m[[0m 
src/pages/Login.jsx:7:20 
[38;5;246m][0m
   [38;5;246mΓöé[0m
 [38;5;246m7 Γöé[0m [38;5;
249mi[0m[38;5;249mm[0m[38
;5;249mp[0m[38;5;249mo[0m
[38;5;249mr[0m[38;5;249mt[
0m[38;5;249m [0m[38;5;249m
H[0m[38;5;249me[0m[38;5;2
49ma[0m[38;5;249md[0m[38;
5;249me[0m[38;5;249mr[0m[
38;5;249m [0m[38;5;249mf[0
m[38;5;249mr[0m[38;5;249mo
[0m[38;5;249mm[0m[38;5;24
9m [0m"../../components/layo
ut/Header"[38;5;249m;[0m
 [38;5;240m  Γöé[0m        
            ΓöÇΓöÇΓöÇΓöÇΓöÇΓö
ÇΓöÇΓöÇΓöÇΓöÇΓöÇΓöÇΓöÇΓöÇΓöÇΓ
öÇΓö¼ΓöÇΓöÇΓöÇΓöÇΓöÇΓöÇΓöÇΓöÇ
ΓöÇΓöÇΓöÇΓöÇΓöÇΓöÇΓöÇ  
 [38;5;240m  Γöé[0m        
                            Γ
ò░ΓöÇΓöÇΓöÇΓöÇΓöÇΓöÇΓöÇΓöÇΓöÇ
ΓöÇΓöÇΓöÇΓöÇΓöÇΓöÇΓöÇΓöÇ 
Module not found.
 [38;5;240m  Γöé[0m 
 [38;5;240m  Γöé[0m 
[38;5;115mHelp[0m: 
'src/pages/Login.jsx' is 
imported by the following 
path:
 [38;5;240m  Γöé[0m        
 - src/pages/Login.jsx
 [38;5;240m  Γöé[0m        
 - src/App.jsx
 [38;5;240m  Γöé[0m        
 - src/main.jsx
 [38;5;240m  Γöé[0m        
 - index.html
[38;5;246mΓöÇΓöÇΓöÇΓò»[0m

[31m[UNRESOLVED_IMPORT] 
Error:[0m Could not resolve 
'../../components/layout/Foot
er' in src/pages/Login.jsx
   [38;5;246mΓò¡[0m[38;5;2
46mΓöÇ[0m[38;5;246m[[0m 
src/pages/Login.jsx:8:20 
[38;5;246m][0m
   [38;5;246mΓöé[0m
 [38;5;246m8 Γöé[0m [38;5;
249mi[0m[38;5;249mm[0m[38
;5;249mp[0m[38;5;249mo[0m
[38;5;249mr[0m[38;5;249mt[
0m[38;5;249m [0m[38;5;249m
F[0m[38;5;249mo[0m[38;5;2
49mo[0m[38;5;249mt[0m[38;
5;249me[0m[38;5;249mr[0m[
38;5;249m [0m[38;5;249mf[0
m[38;5;249mr[0m[38;5;249mo
[0m[38;5;249mm[0m[38;5;24
9m [0m"../../components/layo
ut/Footer"[38;5;249m;[0m
 [38;5;240m  Γöé[0m        
            ΓöÇΓöÇΓöÇΓöÇΓöÇΓö
ÇΓöÇΓöÇΓöÇΓöÇΓöÇΓöÇΓöÇΓöÇΓöÇΓ
öÇΓö¼ΓöÇΓöÇΓöÇΓöÇΓöÇΓöÇΓöÇΓöÇ
ΓöÇΓöÇΓöÇΓöÇΓöÇΓöÇΓöÇ  
 [38;5;240m  Γöé[0m        
                            Γ
ò░ΓöÇΓöÇΓöÇΓöÇΓöÇΓöÇΓöÇΓöÇΓöÇ
ΓöÇΓöÇΓöÇΓöÇΓöÇΓöÇΓöÇΓöÇ 
Module not found.
 [38;5;240m  Γöé[0m 
 [38;5;240m  Γöé[0m 
[38;5;115mHelp[0m: 
'src/pages/Login.jsx' is 
imported by the following 
path:
 [38;5;240m  Γöé[0m        
 - src/pages/Login.jsx
 [38;5;240m  Γöé[0m        
 - src/App.jsx
 [38;5;240m  Γöé[0m        
 - src/main.jsx
 [38;5;240m  Γöé[0m        
 - index.html
[38;5;246mΓöÇΓöÇΓöÇΓò»[0m

[31m[UNRESOLVED_IMPORT] 
Error:[0m Could not resolve 
'../../components/common/Anim
atedBackground' in 
src/pages/Login.jsx
   [38;5;246mΓò¡[0m[38;5;2
46mΓöÇ[0m[38;5;246m[[0m 
src/pages/Login.jsx:9:32 
[38;5;246m][0m
   [38;5;246mΓöé[0m
 [38;5;246m9 Γöé[0m [38;5;
249mi[0m[38;5;249mm[0m[38
;5;249mp[0m[38;5;249mo[0m
[38;5;249mr[0m[38;5;249mt[
0m[38;5;249m [0m[38;5;249m
A[0m[38;5;249mn[0m[38;5;2
49mi[0m[38;5;249mm[0m[38;
5;249ma[0m[38;5;249mt[0m[
38;5;249me[0m[38;5;249md[0
m[38;5;249mB[0m[38;5;249ma
[0m[38;5;249mc[0m[38;5;24
9mk[0m[38;5;249mg[0m[38;5
;249mr[0m[38;5;249mo[0m[3
8;5;249mu[0m[38;5;249mn[0m
[38;5;249md[0m[38;5;249m 
[0m[38;5;249mf[0m[38;5;249
mr[0m[38;5;249mo[0m[38;5;
249mm[0m[38;5;249m [0m"../
../components/common/Animated
Background"[38;5;249m;[0m
 [38;5;240m  Γöé[0m        
                        ΓöÇΓö
ÇΓöÇΓöÇΓöÇΓöÇΓöÇΓöÇΓöÇΓöÇΓöÇΓ
öÇΓöÇΓöÇΓöÇΓöÇΓöÇΓöÇΓöÇΓöÇΓöÇ
ΓöÇΓö¼ΓöÇΓöÇΓöÇΓöÇΓöÇΓöÇΓöÇΓö
ÇΓöÇΓöÇΓöÇΓöÇΓöÇΓöÇΓöÇΓöÇΓöÇΓ
öÇΓöÇΓöÇΓöÇ  
 [38;5;240m  Γöé[0m        
                             
                 Γò░ΓöÇΓöÇΓöÇ
ΓöÇΓöÇΓöÇΓöÇΓöÇΓöÇΓöÇΓöÇΓöÇΓö
ÇΓöÇΓöÇΓöÇΓöÇΓöÇΓöÇΓöÇΓöÇΓöÇΓ
öÇ Module not found.
 [38;5;240m  Γöé[0m 
 [38;5;240m  Γöé[0m 
[38;5;115mHelp[0m: 
'src/pages/Login.jsx' is 
imported by the following 
path:
 [38;5;240m  Γöé[0m        
 - src/pages/Login.jsx
 [38;5;240m  Γöé[0m        
 - src/App.jsx
 [38;5;240m  Γöé[0m        
 - src/main.jsx
 [38;5;240m  Γöé[0m        
 - index.html
[38;5;246mΓöÇΓöÇΓöÇΓò»[0m

...[31m
    at aggregateBindingErrors
IntoJsError (file:///C:/Users
/SACHIN%20GHADASHI/Downloads/
Amravati%20C/Amravati%20C/Amr
avati%20C/amravati-connect/no
de_modules/rolldown/dist/shar
ed/error-tpgdcGrK.mjs:48:18)
    at unwrapBindingResult (f
ile:///C:/Users/SACHIN%20GHAD
ASHI/Downloads/Amravati%20C/A
mravati%20C/Amravati%20C/amra
vati-connect/node_modules/rol
ldown/dist/shared/error-tpgdc
GrK.mjs:18:128)
    at #build (file:///C:/Use
rs/SACHIN%20GHADASHI/Download
s/Amravati%20C/Amravati%20C/A
mravati%20C/amravati-connect/
node_modules/rolldown/dist/sh
ared/rolldown-build-r9VyalQ4.
mjs:3311:34)
    at async 
buildEnvironment (file:///C:/
Users/SACHIN%20GHADASHI/Downl
oads/Amravati%20C/Amravati%20
C/Amravati%20C/amravati-conne
ct/node_modules/vite/dist/nod
e/chunks/node.js:32793:64)
    at async Object.build (fi
le:///C:/Users/SACHIN%20GHADA
SHI/Downloads/Amravati%20C/Am
ravati%20C/Amravati%20C/amrav
ati-connect/node_modules/vite
/dist/node/chunks/node.js:332
15:19)
    at async Object.buildApp 
(file:///C:/Users/SACHIN%20GH
ADASHI/Downloads/Amravati%20C
/Amravati%20C/Amravati%20C/am
ravati-connect/node_modules/v
ite/dist/node/chunks/node.js:
33212:153)
    at async CAC.<anonymous> 
(file:///C:/Users/SACHIN%20GH
ADASHI/Downloads/Amravati%20C
/Amravati%20C/Amravati%20C/am
ravati-connect/node_modules/v
ite/dist/node/cli.js:778:3) {
  errors: [Getter/Setter]
}[39m
