[INFO] Scanning for projects...
[INFO] 
[INFO] ----------------< com.tribe:Amravati-Connect-ZLC-MERN >-----------------
[INFO] Building Amravati-Connect-ZLC-MERN 0.0.1-SNAPSHOT
[INFO]   from pom.xml
[INFO] --------------------------------[ jar ]---------------------------------
[INFO] 
[INFO] --- clean:3.5.0:clean (default-clean) @ Amravati-Connect-ZLC-MERN ---
[INFO] Deleting E:\Amravti_Connect_1Apr\Connect-Amravati-ZLC-MERN\backend\target
[INFO] 
[INFO] --- resources:3.3.1:resources (default-resources) @ Amravati-Connect-ZLC-MERN ---
[INFO] Copying 1 resource from src\main\resources to target\classes
[INFO] Copying 0 resource from src\main\resources to target\classes
[INFO] 
[INFO] --- compiler:3.14.1:compile (default-compile) @ Amravati-Connect-ZLC-MERN ---
[INFO] Recompiling the module because of changed source code.
[INFO] Compiling 56 source files with javac [debug parameters release 17] to target\classes
[INFO] -------------------------------------------------------------
[ERROR] COMPILATION ERROR : 
[INFO] -------------------------------------------------------------
[ERROR] /E:/Amravti_Connect_1Apr/Connect-Amravati-ZLC-MERN/backend/src/main/java/com/tribe/set/Entity/TaskRemark.java:[11,8] class Task is public, should be declared in a file named Task.java
[ERROR] /E:/Amravti_Connect_1Apr/Connect-Amravati-ZLC-MERN/backend/src/main/java/com/tribe/set/controller/AuthController.java:[24,8] class AppreciationController is public, should be declared in a file named AppreciationController.java
[ERROR] /E:/Amravti_Connect_1Apr/Connect-Amravati-ZLC-MERN/backend/src/main/java/com/tribe/set/security/AuthEntryPointJwt .java:[21,8] class AuthEntryPointJwt is public, should be declared in a file named AuthEntryPointJwt.java
[ERROR] /E:/Amravti_Connect_1Apr/Connect-Amravati-ZLC-MERN/backend/src/main/java/com/tribe/set/service/UserManagementController.java:[17,8] duplicate class: com.tribe.set.controller.UserManagementController
[ERROR] /E:/Amravti_Connect_1Apr/Connect-Amravati-ZLC-MERN/backend/src/main/java/com/tribe/set/Entity/User.java:[72,22] cannot access com.tribe.set.Entity.TaskRemark
  bad source file: E:\Amravti_Connect_1Apr\Connect-Amravati-ZLC-MERN\backend\src\main\java\com\tribe\set\Entity\TaskRemark.java
    file does not contain class com.tribe.set.Entity.TaskRemark
    Please remove or make sure it appears in the correct subdirectory of the sourcepath.
[ERROR] /E:/Amravti_Connect_1Apr/Connect-Amravati-ZLC-MERN/backend/src/main/java/com/tribe/set/security/AuthEntryPointJwt .java:[14,38] package com.fasterxml.jackson.databind does not exist
[ERROR] /E:/Amravti_Connect_1Apr/Connect-Amravati-ZLC-MERN/backend/src/main/java/com/tribe/set/security/JwtUtils.java:[13,26] package io.jsonwebtoken.io does not exist
[ERROR] /E:/Amravti_Connect_1Apr/Connect-Amravati-ZLC-MERN/backend/src/main/java/com/tribe/set/security/JwtUtils.java:[14,32] package io.jsonwebtoken.security does not exist
[ERROR] /E:/Amravti_Connect_1Apr/Connect-Amravati-ZLC-MERN/backend/src/main/java/com/tribe/set/security/JwtUtils.java:[12,1] package io.jsonwebtoken does not exist
[ERROR] /E:/Amravti_Connect_1Apr/Connect-Amravati-ZLC-MERN/backend/src/main/java/com/tribe/set/controller/TaskController.java:[76,27] cannot find symbol
  symbol:   class TaskRemark
  location: class com.tribe.set.controller.TaskController
[ERROR] /E:/Amravti_Connect_1Apr/Connect-Amravati-ZLC-MERN/backend/src/main/java/com/tribe/set/repository/TaskRemarkRepository.java:[11,61] cannot find symbol
  symbol: class TaskRemark
[ERROR] /E:/Amravti_Connect_1Apr/Connect-Amravati-ZLC-MERN/backend/src/main/java/com/tribe/set/service/TaskService.java:[256,12] cannot find symbol
  symbol:   class TaskRemark
  location: class com.tribe.set.service.TaskService
[ERROR] /E:/Amravti_Connect_1Apr/Connect-Amravati-ZLC-MERN/backend/src/main/java/com/tribe/set/service/TaskService.java:[280,17] cannot find symbol
  symbol:   class TaskRemark
  location: class com.tribe.set.service.TaskService
[ERROR] /E:/Amravti_Connect_1Apr/Connect-Amravati-ZLC-MERN/backend/src/main/java/com/tribe/set/repository/TaskRemarkRepository.java:[14,10] cannot find symbol
  symbol:   class TaskRemark
  location: interface com.tribe.set.repository.TaskRemarkRepository
[ERROR] /E:/Amravti_Connect_1Apr/Connect-Amravati-ZLC-MERN/backend/src/main/java/com/tribe/set/controller/UserManagementController.java:[5,29] cannot find symbol
  symbol:   class UsermanagementService
  location: package com.tribe.set.service
[ERROR] /E:/Amravti_Connect_1Apr/Connect-Amravati-ZLC-MERN/backend/src/main/java/com/tribe/set/controller/UserManagementController.java:[19,13] cannot find symbol
  symbol:   class UsermanagementService
  location: class com.tribe.set.controller.UserManagementController
[ERROR] /E:/Amravti_Connect_1Apr/Connect-Amravati-ZLC-MERN/backend/src/main/java/com/tribe/set/service/UserManagementController.java:[5,29] cannot find symbol
  symbol:   class UsermanagementService
  location: package com.tribe.set.service
[ERROR] /E:/Amravti_Connect_1Apr/Connect-Amravati-ZLC-MERN/backend/src/main/java/com/tribe/set/security/AuthEntryPointJwt .java:[40,15] cannot find symbol
  symbol:   class ObjectMapper
  location: class com.tribe.set.security.AuthEntryPointJwt
[ERROR] /E:/Amravti_Connect_1Apr/Connect-Amravati-ZLC-MERN/backend/src/main/java/com/tribe/set/security/AuthEntryPointJwt .java:[40,41] cannot find symbol
  symbol:   class ObjectMapper
  location: class com.tribe.set.security.AuthEntryPointJwt
[ERROR] /E:/Amravti_Connect_1Apr/Connect-Amravati-ZLC-MERN/backend/src/main/java/com/tribe/set/security/JwtUtils.java:[30,16] cannot find symbol
  symbol:   variable Jwts
  location: class com.tribe.set.security.JwtUtils
[ERROR] /E:/Amravti_Connect_1Apr/Connect-Amravati-ZLC-MERN/backend/src/main/java/com/tribe/set/security/JwtUtils.java:[39,16] cannot find symbol
  symbol:   variable Keys
  location: class com.tribe.set.security.JwtUtils
[ERROR] /E:/Amravti_Connect_1Apr/Connect-Amravati-ZLC-MERN/backend/src/main/java/com/tribe/set/security/JwtUtils.java:[39,43] package Decoders does not exist
[ERROR] /E:/Amravti_Connect_1Apr/Connect-Amravati-ZLC-MERN/backend/src/main/java/com/tribe/set/security/JwtUtils.java:[43,16] cannot find symbol
  symbol:   variable Jwts
  location: class com.tribe.set.security.JwtUtils
[ERROR] /E:/Amravti_Connect_1Apr/Connect-Amravati-ZLC-MERN/backend/src/main/java/com/tribe/set/security/JwtUtils.java:[52,13] cannot find symbol
  symbol:   variable Jwts
  location: class com.tribe.set.security.JwtUtils
[ERROR] /E:/Amravti_Connect_1Apr/Connect-Amravati-ZLC-MERN/backend/src/main/java/com/tribe/set/security/JwtUtils.java:[54,18] cannot find symbol
  symbol:   class MalformedJwtException
  location: class com.tribe.set.security.JwtUtils
[ERROR] /E:/Amravti_Connect_1Apr/Connect-Amravati-ZLC-MERN/backend/src/main/java/com/tribe/set/security/JwtUtils.java:[57,18] cannot find symbol
  symbol:   class ExpiredJwtException
  location: class com.tribe.set.security.JwtUtils
[ERROR] /E:/Amravti_Connect_1Apr/Connect-Amravati-ZLC-MERN/backend/src/main/java/com/tribe/set/security/JwtUtils.java:[59,18] cannot find symbol
  symbol:   class UnsupportedJwtException
  location: class com.tribe.set.security.JwtUtils
[ERROR] /E:/Amravti_Connect_1Apr/Connect-Amravati-ZLC-MERN/backend/src/main/java/com/tribe/set/controller/TaskController.java:[70,45] cannot find symbol
  symbol:   method updateTaskProgress(java.lang.Long,java.lang.Integer,java.lang.Long)
  location: variable taskService of type com.tribe.set.service.TaskService
[ERROR] /E:/Amravti_Connect_1Apr/Connect-Amravati-ZLC-MERN/backend/src/main/java/com/tribe/set/controller/TaskController.java:[97,45] cannot find symbol
  symbol:   method forwardTask(java.lang.Long,java.lang.Long,java.lang.Long)
  location: variable taskService of type com.tribe.set.service.TaskService
[ERROR] /E:/Amravti_Connect_1Apr/Connect-Amravati-ZLC-MERN/backend/src/main/java/com/tribe/set/service/TaskService.java:[268,9] cannot find symbol
  symbol:   class TaskRemark
  location: class com.tribe.set.service.TaskService
[ERROR] /E:/Amravti_Connect_1Apr/Connect-Amravati-ZLC-MERN/backend/src/main/java/com/tribe/set/service/TaskService.java:[268,33] cannot find symbol
  symbol:   class TaskRemark
  location: class com.tribe.set.service.TaskService
[INFO] 31 errors 
[INFO] -------------------------------------------------------------
[INFO] ------------------------------------------------------------------------
[INFO] BUILD FAILURE
[INFO] ------------------------------------------------------------------------
[INFO] Total time:  4.891 s
[INFO] Finished at: 2026-04-03T15:41:45+05:30
[INFO] ------------------------------------------------------------------------
[ERROR] Failed to execute goal org.apache.maven.plugins:maven-compiler-plugin:3.14.1:compile (default-compile) on project Amravati-Connect-ZLC-MERN: Compilation failure: Compilation failure: 
[ERROR] /E:/Amravti_Connect_1Apr/Connect-Amravati-ZLC-MERN/backend/src/main/java/com/tribe/set/Entity/TaskRemark.java:[11,8] class Task is public, should be declared in a file named Task.java
[ERROR] /E:/Amravti_Connect_1Apr/Connect-Amravati-ZLC-MERN/backend/src/main/java/com/tribe/set/controller/AuthController.java:[24,8] class AppreciationController is public, should be declared in a file named AppreciationController.java
[ERROR] /E:/Amravti_Connect_1Apr/Connect-Amravati-ZLC-MERN/backend/src/main/java/com/tribe/set/security/AuthEntryPointJwt .java:[21,8] class AuthEntryPointJwt is public, should be declared in a file named AuthEntryPointJwt.java
[ERROR] /E:/Amravti_Connect_1Apr/Connect-Amravati-ZLC-MERN/backend/src/main/java/com/tribe/set/service/UserManagementController.java:[17,8] duplicate class: com.tribe.set.controller.UserManagementController
[ERROR] /E:/Amravti_Connect_1Apr/Connect-Amravati-ZLC-MERN/backend/src/main/java/com/tribe/set/Entity/User.java:[72,22] cannot access com.tribe.set.Entity.TaskRemark
[ERROR]   bad source file: E:\Amravti_Connect_1Apr\Connect-Amravati-ZLC-MERN\backend\src\main\java\com\tribe\set\Entity\TaskRemark.java
[ERROR]     file does not contain class com.tribe.set.Entity.TaskRemark
[ERROR]     Please remove or make sure it appears in the correct subdirectory of the sourcepath.
[ERROR] /E:/Amravti_Connect_1Apr/Connect-Amravati-ZLC-MERN/backend/src/main/java/com/tribe/set/security/AuthEntryPointJwt .java:[14,38] package com.fasterxml.jackson.databind does not exist
[ERROR] /E:/Amravti_Connect_1Apr/Connect-Amravati-ZLC-MERN/backend/src/main/java/com/tribe/set/security/JwtUtils.java:[13,26] package io.jsonwebtoken.io does not exist
[ERROR] /E:/Amravti_Connect_1Apr/Connect-Amravati-ZLC-MERN/backend/src/main/java/com/tribe/set/security/JwtUtils.java:[14,32] package io.jsonwebtoken.security does not exist
[ERROR] /E:/Amravti_Connect_1Apr/Connect-Amravati-ZLC-MERN/backend/src/main/java/com/tribe/set/security/JwtUtils.java:[12,1] package io.jsonwebtoken does not exist
[ERROR] /E:/Amravti_Connect_1Apr/Connect-Amravati-ZLC-MERN/backend/src/main/java/com/tribe/set/controller/TaskController.java:[76,27] cannot find symbol
[ERROR]   symbol:   class TaskRemark
[ERROR]   location: class com.tribe.set.controller.TaskController
[ERROR] /E:/Amravti_Connect_1Apr/Connect-Amravati-ZLC-MERN/backend/src/main/java/com/tribe/set/repository/TaskRemarkRepository.java:[11,61] cannot find symbol
[ERROR]   symbol: class TaskRemark
[ERROR] /E:/Amravti_Connect_1Apr/Connect-Amravati-ZLC-MERN/backend/src/main/java/com/tribe/set/service/TaskService.java:[256,12] cannot find symbol
[ERROR]   symbol:   class TaskRemark
[ERROR]   location: class com.tribe.set.service.TaskService
[ERROR] /E:/Amravti_Connect_1Apr/Connect-Amravati-ZLC-MERN/backend/src/main/java/com/tribe/set/service/TaskService.java:[280,17] cannot find symbol
[ERROR]   symbol:   class TaskRemark
[ERROR]   location: class com.tribe.set.service.TaskService
[ERROR] /E:/Amravti_Connect_1Apr/Connect-Amravati-ZLC-MERN/backend/src/main/java/com/tribe/set/repository/TaskRemarkRepository.java:[14,10] cannot find symbol
[ERROR]   symbol:   class TaskRemark
[ERROR]   location: interface com.tribe.set.repository.TaskRemarkRepository
[ERROR] /E:/Amravti_Connect_1Apr/Connect-Amravati-ZLC-MERN/backend/src/main/java/com/tribe/set/controller/UserManagementController.java:[5,29] cannot find symbol
[ERROR]   symbol:   class UsermanagementService
[ERROR]   location: package com.tribe.set.service
[ERROR] /E:/Amravti_Connect_1Apr/Connect-Amravati-ZLC-MERN/backend/src/main/java/com/tribe/set/controller/UserManagementController.java:[19,13] cannot find symbol
[ERROR]   symbol:   class UsermanagementService
[ERROR]   location: class com.tribe.set.controller.UserManagementController
[ERROR] /E:/Amravti_Connect_1Apr/Connect-Amravati-ZLC-MERN/backend/src/main/java/com/tribe/set/service/UserManagementController.java:[5,29] cannot find symbol
[ERROR]   symbol:   class UsermanagementService
[ERROR]   location: package com.tribe.set.service
[ERROR] /E:/Amravti_Connect_1Apr/Connect-Amravati-ZLC-MERN/backend/src/main/java/com/tribe/set/security/AuthEntryPointJwt .java:[40,15] cannot find symbol
[ERROR]   symbol:   class ObjectMapper
[ERROR]   location: class com.tribe.set.security.AuthEntryPointJwt
[ERROR] /E:/Amravti_Connect_1Apr/Connect-Amravati-ZLC-MERN/backend/src/main/java/com/tribe/set/security/AuthEntryPointJwt .java:[40,41] cannot find symbol
[ERROR]   symbol:   class ObjectMapper
[ERROR]   location: class com.tribe.set.security.AuthEntryPointJwt
[ERROR] /E:/Amravti_Connect_1Apr/Connect-Amravati-ZLC-MERN/backend/src/main/java/com/tribe/set/security/JwtUtils.java:[30,16] cannot find symbol
[ERROR]   symbol:   variable Jwts
[ERROR]   location: class com.tribe.set.security.JwtUtils
[ERROR] /E:/Amravti_Connect_1Apr/Connect-Amravati-ZLC-MERN/backend/src/main/java/com/tribe/set/security/JwtUtils.java:[39,16] cannot find symbol
[ERROR]   symbol:   variable Keys
[ERROR]   location: class com.tribe.set.security.JwtUtils
[ERROR] /E:/Amravti_Connect_1Apr/Connect-Amravati-ZLC-MERN/backend/src/main/java/com/tribe/set/security/JwtUtils.java:[39,43] package Decoders does not exist
[ERROR] /E:/Amravti_Connect_1Apr/Connect-Amravati-ZLC-MERN/backend/src/main/java/com/tribe/set/security/JwtUtils.java:[43,16] cannot find symbol
[ERROR]   symbol:   variable Jwts
[ERROR]   location: class com.tribe.set.security.JwtUtils
[ERROR] /E:/Amravti_Connect_1Apr/Connect-Amravati-ZLC-MERN/backend/src/main/java/com/tribe/set/security/JwtUtils.java:[52,13] cannot find symbol
[ERROR]   symbol:   variable Jwts
[ERROR]   location: class com.tribe.set.security.JwtUtils
[ERROR] /E:/Amravti_Connect_1Apr/Connect-Amravati-ZLC-MERN/backend/src/main/java/com/tribe/set/security/JwtUtils.java:[54,18] cannot find symbol
[ERROR]   symbol:   class MalformedJwtException
[ERROR]   location: class com.tribe.set.security.JwtUtils
[ERROR] /E:/Amravti_Connect_1Apr/Connect-Amravati-ZLC-MERN/backend/src/main/java/com/tribe/set/security/JwtUtils.java:[57,18] cannot find symbol
[ERROR]   symbol:   class ExpiredJwtException
[ERROR]   location: class com.tribe.set.security.JwtUtils
[ERROR] /E:/Amravti_Connect_1Apr/Connect-Amravati-ZLC-MERN/backend/src/main/java/com/tribe/set/security/JwtUtils.java:[59,18] cannot find symbol
[ERROR]   symbol:   class UnsupportedJwtException
[ERROR]   location: class com.tribe.set.security.JwtUtils
[ERROR] /E:/Amravti_Connect_1Apr/Connect-Amravati-ZLC-MERN/backend/src/main/java/com/tribe/set/controller/TaskController.java:[70,45] cannot find symbol
[ERROR]   symbol:   method updateTaskProgress(java.lang.Long,java.lang.Integer,java.lang.Long)
[ERROR]   location: variable taskService of type com.tribe.set.service.TaskService
[ERROR] /E:/Amravti_Connect_1Apr/Connect-Amravati-ZLC-MERN/backend/src/main/java/com/tribe/set/controller/TaskController.java:[97,45] cannot find symbol
[ERROR]   symbol:   method forwardTask(java.lang.Long,java.lang.Long,java.lang.Long)
[ERROR]   location: variable taskService of type com.tribe.set.service.TaskService
[ERROR] /E:/Amravti_Connect_1Apr/Connect-Amravati-ZLC-MERN/backend/src/main/java/com/tribe/set/service/TaskService.java:[268,9] cannot find symbol
[ERROR]   symbol:   class TaskRemark
[ERROR]   location: class com.tribe.set.service.TaskService
[ERROR] /E:/Amravti_Connect_1Apr/Connect-Amravati-ZLC-MERN/backend/src/main/java/com/tribe/set/service/TaskService.java:[268,33] cannot find symbol
[ERROR]   symbol:   class TaskRemark
[ERROR]   location: class com.tribe.set.service.TaskService
[ERROR] -> [Help 1]
[ERROR] 
[ERROR] To see the full stack trace of the errors, re-run Maven with the -e switch.
[ERROR] Re-run Maven using the -X switch to enable full debug logging.
[ERROR] 
[ERROR] For more information about the errors and possible solutions, please read the following articles:
[ERROR] [Help 1] http://cwiki.apache.org/confluence/display/MAVEN/MojoFailureException
